// Jest Snapshot v1, https://goo.gl/fbAQLP

exports[`plugin-chart-table-pivot Table with all totals 1`] = `
<div
  class="css-16yvwlb"
  data-testid="pivot-table"
  height="596"
  width="595"
>
  <div
    class="css-m6ry8"
  >
    <div
      class="css-1ou3io3"
    >
      <div>
        <div
          class="css-1ihac9h"
        >
          <div
            class="css-18d8vh3"
          >
            <div
              class="css-1u2dlg4"
            />
            <div
              class="css-rbdcjg"
            >
              period
            </div>
            <div
              class="css-rbdcjg"
            >
              period_type
            </div>
          </div>
          <div
            class="css-d4kp6y"
          >
            group_type
          </div>
          <div
            class="css-1wktolu"
          >
            DirectDueToGroup
          </div>
          <div
            class="css-1wktolu"
          >
            DueToGroup
          </div>
          <div
            class="css-1wktolu"
          >
            SummaryGroup
          </div>
          <div
            class="css-1wktolu"
          >
            Variable
          </div>
          <div
            class="css-d4kp6y"
          >
            period_type
          </div>
          <div
            class="css-d4kp6y"
          >
            Custom
          </div>
          <div
            class="css-d4kp6y"
          >
            Standard
          </div>
          <div
            class="css-d4kp6y"
          >
            Custom
          </div>
          <div
            class="css-d4kp6y"
          >
            Standard
          </div>
          <div
            class="css-d4kp6y"
          >
            Custom
          </div>
          <div
            class="css-d4kp6y"
          >
            Standard
          </div>
          <div
            class="css-d4kp6y"
          >
            Custom
          </div>
          <div
            class="css-d4kp6y"
          >
            Standard
          </div>
        </div>
        <div
          class="css-1gmai1l"
        >
          Total
        </div>
      </div>
      <div
        class="css-xk1ltn"
      >
        <div
          class="css-1xkwcuq"
        >
          AVG(decomp_volume)
        </div>
        <div
          class="css-1xkwcuq"
        >
          AVG(volume_for_roi)
        </div>
        <div
          class="css-99l802"
        >
          <div>
            2017
          </div>
        </div>
        <div
          class="css-99l802"
        >
          <div>
            2018
          </div>
        </div>
        <div
          class="css-99l802"
        >
          <div>
            Total Period
          </div>
        </div>
        <div
          class="css-99l802"
        >
          <div>
            2017
          </div>
        </div>
        <div
          class="css-99l802"
        >
          <div>
            2018
          </div>
        </div>
        <div
          class="css-99l802"
        >
          <div>
            Total Period
          </div>
        </div>
        <div
          class="css-3cysyy"
        >
          <div>
            Custom
          </div>
        </div>
        <div
          class="css-3cysyy"
        >
          <div>
            Standard
          </div>
        </div>
        <div
          class="css-3cysyy"
        >
          <div>
            Custom
          </div>
        </div>
        <div
          class="css-3cysyy"
        >
          <div>
            Standard
          </div>
        </div>
        <div
          class="css-3cysyy"
        >
          <div>
            Custom
          </div>
        </div>
        <div
          class="css-3cysyy"
        >
          <div>
            Standard
          </div>
        </div>
        <div
          class="css-3cysyy"
        >
          <div>
            Custom
          </div>
        </div>
        <div
          class="css-3cysyy"
        >
          <div>
            Standard
          </div>
        </div>
        <div
          class="css-3cysyy"
        >
          <div>
            Custom
          </div>
        </div>
        <div
          class="css-3cysyy"
        >
          <div>
            Standard
          </div>
        </div>
        <div
          class="css-3cysyy"
        >
          <div>
            Custom
          </div>
        </div>
        <div
          class="css-3cysyy"
        >
          <div>
            Standard
          </div>
        </div>
        <div
          class="css-bxg4o6"
          style="color: transparent;"
        >
          :)
        </div>
        <div
          class="css-1azvgty"
        >
          24.9k
        </div>
        <div
          class="css-1azvgty"
        />
        <div
          class="css-1azvgty"
        >
          15.8k
        </div>
        <div
          class="css-1azvgty"
        />
        <div
          class="css-1azvgty"
        >
          46.6k
        </div>
        <div
          class="css-1azvgty"
        />
        <div
          class="css-1azvgty"
        >
          24.8k
        </div>
        <div
          class="css-1azvgty"
        />
        <div
          class="css-1azvgty"
        >
          15.8k
        </div>
        <div
          class="css-1azvgty"
        />
        <div
          class="css-1azvgty"
        >
          46.6k
        </div>
        <div
          class="css-1azvgty"
        />
        <div
          class="css-1azvgty"
        />
        <div
          class="css-1azvgty"
        >
          28.9k
        </div>
        <div
          class="css-1azvgty"
        />
        <div
          class="css-1azvgty"
        >
          18.5k
        </div>
        <div
          class="css-1azvgty"
        />
        <div
          class="css-1azvgty"
        >
          46.6k
        </div>
        <div
          class="css-1azvgty"
        />
        <div
          class="css-1azvgty"
        >
          28.9k
        </div>
        <div
          class="css-1azvgty"
        />
        <div
          class="css-1azvgty"
        >
          18.5k
        </div>
        <div
          class="css-1azvgty"
        />
        <div
          class="css-1azvgty"
        >
          46.6k
        </div>
        <div
          class="css-1azvgty"
        >
          24.9k
        </div>
        <div
          class="css-1azvgty"
        />
        <div
          class="css-1azvgty"
        >
          15.8k
        </div>
        <div
          class="css-1azvgty"
        />
        <div
          class="css-1azvgty"
        >
          46.6k
        </div>
        <div
          class="css-1azvgty"
        />
        <div
          class="css-1azvgty"
        >
          24.8k
        </div>
        <div
          class="css-1azvgty"
        />
        <div
          class="css-1azvgty"
        >
          15.8k
        </div>
        <div
          class="css-1azvgty"
        />
        <div
          class="css-1azvgty"
        >
          46.6k
        </div>
        <div
          class="css-1azvgty"
        />
        <div
          class="css-1azvgty"
        />
        <div
          class="css-1azvgty"
        >
          28.9k
        </div>
        <div
          class="css-1azvgty"
        />
        <div
          class="css-1azvgty"
        >
          18.5k
        </div>
        <div
          class="css-1azvgty"
        />
        <div
          class="css-1azvgty"
        >
          46.6k
        </div>
        <div
          class="css-1azvgty"
        />
        <div
          class="css-1azvgty"
        >
          28.9k
        </div>
        <div
          class="css-1azvgty"
        />
        <div
          class="css-1azvgty"
        >
          18.5k
        </div>
        <div
          class="css-1azvgty"
        />
        <div
          class="css-1azvgty"
        >
          46.6k
        </div>
        <div
          class="css-1azvgty"
        >
          214k
        </div>
        <div
          class="css-1azvgty"
        />
        <div
          class="css-1azvgty"
        >
          159k
        </div>
        <div
          class="css-1azvgty"
        />
        <div
          class="css-1azvgty"
        >
          293k
        </div>
        <div
          class="css-1azvgty"
        />
        <div
          class="css-1azvgty"
        >
          214k
        </div>
        <div
          class="css-1azvgty"
        />
        <div
          class="css-1azvgty"
        >
          159k
        </div>
        <div
          class="css-1azvgty"
        />
        <div
          class="css-1azvgty"
        >
          373k
        </div>
        <div
          class="css-1azvgty"
        />
        <div
          class="css-1azvgty"
        />
        <div
          class="css-1azvgty"
        >
          214k
        </div>
        <div
          class="css-1azvgty"
        />
        <div
          class="css-1azvgty"
        >
          159k
        </div>
        <div
          class="css-1azvgty"
        />
        <div
          class="css-1azvgty"
        >
          1.08M
        </div>
        <div
          class="css-1azvgty"
        />
        <div
          class="css-1azvgty"
        >
          214k
        </div>
        <div
          class="css-1azvgty"
        />
        <div
          class="css-1azvgty"
        >
          159k
        </div>
        <div
          class="css-1azvgty"
        />
        <div
          class="css-1azvgty"
        >
          373k
        </div>
        <div
          class="css-1azvgty"
        >
          20k
        </div>
        <div
          class="css-1azvgty"
        />
        <div
          class="css-1azvgty"
        >
          51.1k
        </div>
        <div
          class="css-1azvgty"
        />
        <div
          class="css-1azvgty"
        >
          3.04k
        </div>
        <div
          class="css-1azvgty"
        />
        <div
          class="css-1azvgty"
        >
          17.1k
        </div>
        <div
          class="css-1azvgty"
        />
        <div
          class="css-1azvgty"
        >
          14.1k
        </div>
        <div
          class="css-1azvgty"
        />
        <div
          class="css-1azvgty"
        >
          20.1k
        </div>
        <div
          class="css-1azvgty"
        />
        <div
          class="css-1azvgty"
        />
        <div
          class="css-1azvgty"
        >
          17.1k
        </div>
        <div
          class="css-1azvgty"
        />
        <div
          class="css-1azvgty"
        >
          14.1k
        </div>
        <div
          class="css-1azvgty"
        />
        <div
          class="css-1azvgty"
        >
          50.9k
        </div>
        <div
          class="css-1azvgty"
        />
        <div
          class="css-1azvgty"
        >
          17.1k
        </div>
        <div
          class="css-1azvgty"
        />
        <div
          class="css-1azvgty"
        >
          14.1k
        </div>
        <div
          class="css-1azvgty"
        />
        <div
          class="css-1azvgty"
        >
          20.1k
        </div>
        <div
          class="css-1s13tgl"
        >
          283k
        </div>
        <div
          class="css-1s13tgl"
        >
          289k
        </div>
        <div
          class="css-1s13tgl"
        >
          242k
        </div>
        <div
          class="css-1s13tgl"
        >
          210k
        </div>
        <div
          class="css-1s13tgl"
        >
          390k
        </div>
        <div
          class="css-1s13tgl"
        >
          1.22M
        </div>
        <div
          class="css-1s13tgl"
        >
          281k
        </div>
        <div
          class="css-1s13tgl"
        >
          289k
        </div>
        <div
          class="css-1s13tgl"
        >
          204k
        </div>
        <div
          class="css-1s13tgl"
        >
          210k
        </div>
        <div
          class="css-1s13tgl"
        >
          486k
        </div>
        <div
          class="css-1s13tgl"
        >
          486k
        </div>
      </div>
      <div
        class="css-112zpsg"
      >
        <div
          class="css-1984kmi"
        >
          Total
        </div>
        <div
          class="css-19t3w2g"
        >
          175k
        </div>
        <div
          class="css-19t3w2g"
        >
          188k
        </div>
        <div
          class="css-19t3w2g"
        >
          175k
        </div>
        <div
          class="css-19t3w2g"
        >
          188k
        </div>
        <div
          class="css-19t3w2g"
        >
          1.41M
        </div>
        <div
          class="css-19t3w2g"
        >
          2.19M
        </div>
        <div
          class="css-19t3w2g"
        >
          125k
        </div>
        <div
          class="css-19t3w2g"
        >
          133k
        </div>
        <div
          class="css-19t3w2g"
        >
          4.59M
        </div>
      </div>
    </div>
  </div>
</div>
`;

exports[`plugin-chart-table-pivot Table with no totals 1`] = `
<div
  class="css-16yvwlb"
  data-testid="pivot-table"
  height="596"
  width="595"
>
  <div
    class="css-m6ry8"
  >
    <div
      class="css-a4rzvt"
    >
      <div>
        <div
          class="css-1ihac9h"
        >
          <div
            class="css-18d8vh3"
          >
            <div
              class="css-1u2dlg4"
            />
            <div
              class="css-rbdcjg"
            >
              period
            </div>
            <div
              class="css-rbdcjg"
            >
              period_type
            </div>
          </div>
          <div
            class="css-d4kp6y"
          >
            group_type
          </div>
          <div
            class="css-1wktolu"
          >
            DirectDueToGroup
          </div>
          <div
            class="css-1wktolu"
          >
            DueToGroup
          </div>
          <div
            class="css-1wktolu"
          >
            SummaryGroup
          </div>
          <div
            class="css-1wktolu"
          >
            Variable
          </div>
          <div
            class="css-d4kp6y"
          >
            period_type
          </div>
          <div
            class="css-d4kp6y"
          >
            Custom
          </div>
          <div
            class="css-d4kp6y"
          >
            Standard
          </div>
          <div
            class="css-d4kp6y"
          >
            Custom
          </div>
          <div
            class="css-d4kp6y"
          >
            Standard
          </div>
          <div
            class="css-d4kp6y"
          >
            Custom
          </div>
          <div
            class="css-d4kp6y"
          >
            Standard
          </div>
          <div
            class="css-d4kp6y"
          >
            Custom
          </div>
          <div
            class="css-d4kp6y"
          >
            Standard
          </div>
        </div>
      </div>
      <div
        class="css-xk1ltn"
      >
        <div
          class="css-1xkwcuq"
        >
          AVG(decomp_volume)
        </div>
        <div
          class="css-1xkwcuq"
        >
          AVG(volume_for_roi)
        </div>
        <div
          class="css-99l802"
        >
          <div>
            2017
          </div>
        </div>
        <div
          class="css-99l802"
        >
          <div>
            2018
          </div>
        </div>
        <div
          class="css-99l802"
        >
          <div>
            Total Period
          </div>
        </div>
        <div
          class="css-99l802"
        >
          <div>
            2017
          </div>
        </div>
        <div
          class="css-99l802"
        >
          <div>
            2018
          </div>
        </div>
        <div
          class="css-99l802"
        >
          <div>
            Total Period
          </div>
        </div>
        <div
          class="css-3cysyy"
        >
          <div>
            Custom
          </div>
        </div>
        <div
          class="css-3cysyy"
        >
          <div>
            Standard
          </div>
        </div>
        <div
          class="css-3cysyy"
        >
          <div>
            Custom
          </div>
        </div>
        <div
          class="css-3cysyy"
        >
          <div>
            Standard
          </div>
        </div>
        <div
          class="css-3cysyy"
        >
          <div>
            Custom
          </div>
        </div>
        <div
          class="css-3cysyy"
        >
          <div>
            Standard
          </div>
        </div>
        <div
          class="css-3cysyy"
        >
          <div>
            Custom
          </div>
        </div>
        <div
          class="css-3cysyy"
        >
          <div>
            Standard
          </div>
        </div>
        <div
          class="css-3cysyy"
        >
          <div>
            Custom
          </div>
        </div>
        <div
          class="css-3cysyy"
        >
          <div>
            Standard
          </div>
        </div>
        <div
          class="css-3cysyy"
        >
          <div>
            Custom
          </div>
        </div>
        <div
          class="css-3cysyy"
        >
          <div>
            Standard
          </div>
        </div>
        <div
          class="css-bxg4o6"
          style="color: transparent;"
        >
          :)
        </div>
        <div
          class="css-1azvgty"
        >
          24.9k
        </div>
        <div
          class="css-1azvgty"
        />
        <div
          class="css-1azvgty"
        >
          15.8k
        </div>
        <div
          class="css-1azvgty"
        />
        <div
          class="css-1azvgty"
        >
          46.6k
        </div>
        <div
          class="css-1azvgty"
        />
        <div
          class="css-1azvgty"
        >
          24.8k
        </div>
        <div
          class="css-1azvgty"
        />
        <div
          class="css-1azvgty"
        >
          15.8k
        </div>
        <div
          class="css-1azvgty"
        />
        <div
          class="css-1azvgty"
        >
          46.6k
        </div>
        <div
          class="css-1azvgty"
        />
        <div
          class="css-1azvgty"
        />
        <div
          class="css-1azvgty"
        >
          28.9k
        </div>
        <div
          class="css-1azvgty"
        />
        <div
          class="css-1azvgty"
        >
          18.5k
        </div>
        <div
          class="css-1azvgty"
        />
        <div
          class="css-1azvgty"
        >
          46.6k
        </div>
        <div
          class="css-1azvgty"
        />
        <div
          class="css-1azvgty"
        >
          28.9k
        </div>
        <div
          class="css-1azvgty"
        />
        <div
          class="css-1azvgty"
        >
          18.5k
        </div>
        <div
          class="css-1azvgty"
        />
        <div
          class="css-1azvgty"
        >
          46.6k
        </div>
        <div
          class="css-1azvgty"
        >
          24.9k
        </div>
        <div
          class="css-1azvgty"
        />
        <div
          class="css-1azvgty"
        >
          15.8k
        </div>
        <div
          class="css-1azvgty"
        />
        <div
          class="css-1azvgty"
        >
          46.6k
        </div>
        <div
          class="css-1azvgty"
        />
        <div
          class="css-1azvgty"
        >
          24.8k
        </div>
        <div
          class="css-1azvgty"
        />
        <div
          class="css-1azvgty"
        >
          15.8k
        </div>
        <div
          class="css-1azvgty"
        />
        <div
          class="css-1azvgty"
        >
          46.6k
        </div>
        <div
          class="css-1azvgty"
        />
        <div
          class="css-1azvgty"
        />
        <div
          class="css-1azvgty"
        >
          28.9k
        </div>
        <div
          class="css-1azvgty"
        />
        <div
          class="css-1azvgty"
        >
          18.5k
        </div>
        <div
          class="css-1azvgty"
        />
        <div
          class="css-1azvgty"
        >
          46.6k
        </div>
        <div
          class="css-1azvgty"
        />
        <div
          class="css-1azvgty"
        >
          28.9k
        </div>
        <div
          class="css-1azvgty"
        />
        <div
          class="css-1azvgty"
        >
          18.5k
        </div>
        <div
          class="css-1azvgty"
        />
        <div
          class="css-1azvgty"
        >
          46.6k
        </div>
        <div
          class="css-1azvgty"
        >
          214k
        </div>
        <div
          class="css-1azvgty"
        />
        <div
          class="css-1azvgty"
        >
          159k
        </div>
        <div
          class="css-1azvgty"
        />
        <div
          class="css-1azvgty"
        >
          293k
        </div>
        <div
          class="css-1azvgty"
        />
        <div
          class="css-1azvgty"
        >
          214k
        </div>
        <div
          class="css-1azvgty"
        />
        <div
          class="css-1azvgty"
        >
          159k
        </div>
        <div
          class="css-1azvgty"
        />
        <div
          class="css-1azvgty"
        >
          373k
        </div>
        <div
          class="css-1azvgty"
        />
        <div
          class="css-1azvgty"
        />
        <div
          class="css-1azvgty"
        >
          214k
        </div>
        <div
          class="css-1azvgty"
        />
        <div
          class="css-1azvgty"
        >
          159k
        </div>
        <div
          class="css-1azvgty"
        />
        <div
          class="css-1azvgty"
        >
          1.08M
        </div>
        <div
          class="css-1azvgty"
        />
        <div
          class="css-1azvgty"
        >
          214k
        </div>
        <div
          class="css-1azvgty"
        />
        <div
          class="css-1azvgty"
        >
          159k
        </div>
        <div
          class="css-1azvgty"
        />
        <div
          class="css-1azvgty"
        >
          373k
        </div>
        <div
          class="css-1azvgty"
        >
          20k
        </div>
        <div
          class="css-1azvgty"
        />
        <div
          class="css-1azvgty"
        >
          51.1k
        </div>
        <div
          class="css-1azvgty"
        />
        <div
          class="css-1azvgty"
        >
          3.04k
        </div>
        <div
          class="css-1azvgty"
        />
        <div
          class="css-1azvgty"
        >
          17.1k
        </div>
        <div
          class="css-1azvgty"
        />
        <div
          class="css-1azvgty"
        >
          14.1k
        </div>
        <div
          class="css-1azvgty"
        />
        <div
          class="css-1azvgty"
        >
          20.1k
        </div>
        <div
          class="css-1azvgty"
        />
        <div
          class="css-1azvgty"
        />
        <div
          class="css-1azvgty"
        >
          17.1k
        </div>
        <div
          class="css-1azvgty"
        />
        <div
          class="css-1azvgty"
        >
          14.1k
        </div>
        <div
          class="css-1azvgty"
        />
        <div
          class="css-1azvgty"
        >
          50.9k
        </div>
        <div
          class="css-1azvgty"
        />
        <div
          class="css-1azvgty"
        >
          17.1k
        </div>
        <div
          class="css-1azvgty"
        />
        <div
          class="css-1azvgty"
        >
          14.1k
        </div>
        <div
          class="css-1azvgty"
        />
        <div
          class="css-1azvgty"
        >
          20.1k
        </div>
      </div>
    </div>
  </div>
</div>
`;
